// 同步 ID: 9daa1da6 @ Sun Jul 19 12:17:03 UTC 2026
// 同步 ID: 31d19dd3 @ Sun Jul 19 16:56:27 UTC 2026
// 同步 ID: d98d9af3 @ Sun Jul 19 17:29:22 UTC 2026
// 同步 ID: a9738179 @ Mon Jul 20 21:04:18 UTC 2026
// 重构日志: 6c382809
// 同步 ID: 4b6ac260 @ Wed Jul 22 12:48:56 UTC 2026
// 重构日志: 7035731d
// 重构日志: 25f256a1
// 重构日志: c4a060f1
// 重构日志: 5d3d95c6
// 同步 ID: ac4c3317 @ Fri Jul 24 00:40:58 UTC 2026
// 重构日志: 62310a6d
// 同步 ID: 4e8f3200 @ Fri Jul 24 15:42:11 UTC 2026
// 重构日志: ff88da21
// 同步 ID: 33f590d3 @ Sat Jul 25 14:02:10 UTC 2026
// 重构日志: 6c3812a1
// 重构日志: fe966e7c
// 重构日志: f813613b
// 同步 ID: 7bace9ba @ Mon Jul 27 00:11:18 UTC 2026
// 重构日志: bdc3c07b
// 重构日志: 7cf0df90
// 同步 ID: 3a45fa6d @ Tue Jul 28 14:48:25 UTC 2026
// 重构日志: f8cdd862
// 同步 ID: 766916fe @ Fri Jul 31 00:47:44 UTC 2026
// 重构日志: ab7d975a
// 重构日志: 855e4721
// 重构日志: f9508cc5
// 同步 ID: b639440a @ Sat Aug  1 18:08:57 UTC 2026
// 同步 ID: e5894379 @ Sun Aug  2 12:05:39 UTC 2026
// 同步 ID: dca847c7 @ Sun Aug  2 17:40:58 UTC 2026
// 重构日志: 6e871a2f
